34/-64 = -1+1/{2+1/{7+1/{2}}}
9/-5 = -2+1/{5}
5/6 = 0+1/{1+1/{5}}
1/1 = 1
375283957328957832975298351364782365238763287462317864/235623756238756832756782365187463127856187567813 = 1592725+1/{2+1/{7+1/{4+1/{1+1/{2+1/{1+1/{1+1/{4+1/{15+1/{1+1/{18+1/{2+1/{1+1/{10+1/{4+1/{11+1/{5+1/{1+1/{2+1/{22+1/{1+1/{8+1/{1+1/{2+1/{1+1/{2+1/{3+1/{1+1/{42+1/{3+1/{1+1/{3+1/{9+1/{14+1/{7+1/{1+1/{6+1/{1+1/{3+1/{1+1/{11+1/{5+1/{4+1/{17+1/{9+1/{21+1/{2+1/{5+1/{2+1/{3+1/{1+1/{1+1/{1+1/{2+1/{3+1/{2+1/{1+1/{1+1/{2+1/{3+1/{1+1/{6+1/{1+1/{10+1/{1+1/{35+1/{2+1/{4+1/{5+1/{2+1/{2+1/{2+1/{2+1/{2+1/{4+1/{3+1/{1+1/{1+1/{1+1/{2+1/{1+1/{4+1/{1+1/{3+1/{1+1/{1+1/{8+1/{5+1/{1+1/{1+1/{1+1/{1+1/{11}}}}}}}}}}}}}}}}}}}}}}}}}}}}}}}}}}}}}}}}}}}}}}}}}}}}}}}}}}}}}}}}}}}}}}}}}}}}}}}}}}}}}}}}}}}}}
347589345734856743658723641328746178461/4621387462378463287462378462378462387463287463287563248756132785613287 = 0+1/{13295538310036941148926248792184+1/{1+1/{1+1/{6+1/{1+1/{23+1/{5+1/{2+1/{13+1/{16+1/{2+1/{3+1/{1+1/{1+1/{1+1/{6+1/{3+1/{2+1/{1+1/{1+1/{1+1/{9+1/{1+1/{2+1/{9+1/{2+1/{1+1/{2+1/{2+1/{11+1/{1+1/{1+1/{2+1/{4+1/{1+1/{1+1/{6+1/{1+1/{1+1/{4+1/{3+1/{1+1/{1+1/{5+1/{1+1/{1+1/{3+1/{4+1/{5+1/{6+1/{11+1/{1+1/{1+1/{2+1/{1+1/{4+1/{1+1/{1+1/{1+1/{3+1/{77+1/{1+1/{11+1/{3+1/{1+1/{1+1/{4+1/{1+1/{4+1/{2+1/{2+1/{54+1/{1+1/{1+1/{30+1/{1+1/{1+1/{2+1/{1+1/{1+1/{5+1/{8}}}}}}}}}}}}}}}}}}}}}}}}}}}}}}}}}}}}}}}}}}}}}}}}}}}}}}}}}}}}}}}}}}}}}}}}}}}}}}}}}}
2365728365238756238756178461785612387563478561785624986523974623897561378461387563187/562318756327895693257892365218563219875623398756 = 4207094888115857091943940751175235978+1/{4+1/{14+1/{1+1/{1+1/{3+1/{6+1/{1+1/{4+1/{8+1/{1+1/{4+1/{3+1/{2+1/{2+1/{3+1/{1+1/{1+1/{2+1/{1+1/{732+1/{1+1/{17+1/{2+1/{2+1/{2+1/{3+1/{8+1/{2+1/{2+1/{213+1/{2+1/{3+1/{5+1/{1+1/{10+1/{13+1/{1+1/{13+1/{1+1/{1+1/{5+1/{1+1/{1+1/{1+1/{7+1/{1+1/{1+1/{2+1/{3+1/{2+1/{2+1/{5+1/{1+1/{1+1/{2+1/{4+1/{1+1/{1+1/{1+1/{3+1/{2+1/{5+1/{1+1/{3+1/{46+1/{1+1/{5+1/{1+1/{1+1/{1+1/{1+1/{1+1/{7+1/{951+1/{2+1/{5+1/{5+1/{2+1/{20+1/{14+1/{1+1/{65+1/{3+1/{1+1/{6}}}}}}}}}}}}}}}}}}}}}}}}}}}}}}}}}}}}}}}}}}}}}}}}}}}}}}}}}}}}}}}}}}}}}}}}}}}}}}}}}}}}}
3748923572365723865832756328752656235823165278356238756238756237856238756/742389472389478932749832748932657893465783465872365873246587346587342658374568734 = 0+1/{198027369+1/{4+1/{1+1/{6+1/{136+1/{1+1/{4+1/{1+1/{3+1/{21+1/{7+1/{1+1/{1+1/{1+1/{1+1/{4+1/{1+1/{1+1/{1+1/{3+1/{2+1/{3+1/{3+1/{6+1/{2+1/{3+1/{1+1/{2+1/{1+1/{3+1/{1+1/{4+1/{2+1/{1+1/{38+1/{1+1/{29+1/{1+1/{1+1/{1+1/{1+1/{2+1/{4+1/{2+1/{14+1/{1+1/{14+1/{1+1/{1+1/{2+1/{137+1/{1+1/{12+1/{7+1/{1+1/{10+1/{1+1/{5+1/{3+1/{18+1/{1+1/{6+1/{1+1/{2+1/{5+1/{2+1/{1+1/{1306+1/{1+1/{5+1/{5+1/{2+1/{1+1/{1+1/{4+1/{2+1/{13+1/{12+1/{1+1/{5+1/{18+1/{1+1/{1+1/{1+1/{20+1/{8+1/{1+1/{1+1/{1+1/{5+1/{3+1/{20+1/{23+1/{6+1/{3+1/{9+1/{1+1/{1+1/{3+1/{21+1/{6+1/{2+1/{3+1/{1+1/{3+1/{1+1/{15+1/{6+1/{2+1/{1+1/{3+1/{1+1/{2+1/{20+1/{15+1/{1+1/{4+1/{1+1/{1+1/{1+1/{5+1/{46+1/{3+1/{1+1/{2+1/{3+1/{2+1/{4+1/{19}}}}}}}}}}}}}}}}}}}}}}}}}}}}}}}}}}}}}}}}}}}}}}}}}}}}}}}}}}}}}}}}}}}}}}}}}}}}}}}}}}}}}}}}}}}}}}}}}}}}}}}}}}}}}}}}}}}}}}}}}}}}}}}}}
7156217803516290126375612712576239586129561928756283795623789562378915612793856219835623879567321856231578216352357238957238957238915621785689650726521789461239321751107501758291752365012657126357102521307865012786501256015601010120965320715621780351629012637561271257623958612956192875628379562378956237891561279385621983562387956732185623157821635/27589123758192057892137580219375890123758091237589016718297682197689127638496713896713489678134907608932147629837610987618920768591437589127512938758123957129857210957213895721389572139857213895721985712389571230985721389047123980472198347829137589127618927528913571328957129867129471209572198768901237509821375890213758219305789132075 = 259385468934706+1/{5+1/{1+1/{2+1/{3+1/{1+1/{1+1/{1+1/{1+1/{1+1/{1+1/{10+1/{24+1/{3+1/{1+1/{13+1/{3+1/{1+1/{1+1/{1+1/{2+1/{4+1/{1+1/{2+1/{1+1/{1+1/{28+1/{4+1/{2+1/{20+1/{3+1/{1+1/{1+1/{2+1/{4+1/{1+1/{1+1/{2+1/{14+1/{1+1/{2+1/{1+1/{9+1/{1+1/{8+1/{2+1/{26+1/{1+1/{8+1/{1+1/{3+1/{2+1/{1+1/{8+1/{2+1/{4+1/{1+1/{18+1/{1+1/{2+1/{10+1/{2+1/{1+1/{3+1/{1+1/{1+1/{80+1/{2+1/{1+1/{3+1/{1+1/{18+1/{1+1/{1+1/{15+1/{3+1/{1+1/{2+1/{2+1/{1+1/{1+1/{2+1/{1+1/{3+1/{2+1/{10+1/{1+1/{1+1/{1+1/{5+1/{5+1/{109+1/{83+1/{3+1/{20+1/{68+1/{1+1/{1+1/{1+1/{1+1/{10+1/{1+1/{24+1/{160+1/{7+1/{3+1/{83+1/{1+1/{1+1/{3+1/{1+1/{2+1/{1+1/{32+1/{3+1/{6+1/{1+1/{1+1/{6+1/{1+1/{1+1/{6+1/{2+1/{2+1/{1+1/{3+1/{3+1/{2+1/{4+1/{2+1/{2+1/{9+1/{2+1/{1+1/{1+1/{1+1/{1+1/{2+1/{2+1/{2+1/{2+1/{10+1/{2+1/{2+1/{1+1/{8+1/{1+1/{41+1/{4+1/{1+1/{2+1/{2+1/{1+1/{7+1/{1+1/{2+1/{1+1/{7+1/{41+1/{1+1/{2+1/{3+1/{15+1/{3+1/{2+1/{2+1/{7+1/{4+1/{3+1/{1+1/{28+1/{2+1/{4+1/{1+1/{1+1/{22+1/{1+1/{1+1/{3+1/{3+1/{3+1/{1+1/{5+1/{9+1/{4+1/{2+1/{3+1/{4+1/{1+1/{1+1/{2+1/{1+1/{3+1/{1+1/{11+1/{2+1/{2+1/{1+1/{7+1/{7+1/{1+1/{6+1/{1+1/{4+1/{19+1/{1+1/{13+1/{1+1/{3+1/{7+1/{1+1/{1+1/{19+1/{1+1/{7+1/{3+1/{1+1/{1+1/{14+1/{1+1/{3+1/{1+1/{2+1/{4+1/{1+1/{5+1/{1+1/{77+1/{2+1/{1+1/{1+1/{3+1/{1+1/{26+1/{1+1/{1+1/{1+1/{1+1/{80+1/{1+1/{2+1/{35+1/{1+1/{3+1/{1+1/{5+1/{1+1/{1+1/{1+1/{28+1/{2+1/{1+1/{3+1/{5+1/{1+1/{1+1/{1+1/{1+1/{4+1/{2+1/{8+1/{6+1/{4+1/{1+1/{5+1/{7+1/{1+1/{8+1/{1+1/{1+1/{1+1/{1+1/{1+1/{4+1/{1+1/{8+1/{1+1/{1+1/{1+1/{4+1/{4+1/{160+1/{2+1/{1+1/{1+1/{3+1/{1+1/{1+1/{3+1/{2+1/{4+1/{1+1/{1+1/{3+1/{1+1/{1+1/{15+1/{3+1/{1+1/{4+1/{5+1/{7+1/{1+1/{2+1/{4+1/{2+1/{32+1/{1+1/{1+1/{3+1/{1+1/{5+1/{3+1/{1+1/{10+1/{1+1/{3+1/{3+1/{4+1/{6+1/{3+1/{3+1/{2+1/{1+1/{4+1/{2+1/{1+1/{1+1/{3+1/{1+1/{3+1/{4+1/{1+1/{1+1/{54+1/{1+1/{2+1/{1+1/{4+1/{1+1/{6+1/{1+1/{1+1/{3+1/{2+1/{1+1/{2+1/{15+1/{1+1/{2+1/{4+1/{1+1/{2+1/{1+1/{2+1/{1+1/{4+1/{18+1/{601+1/{2+1/{4+1/{1+1/{11+1/{12+1/{1+1/{1+1/{1+1/{4+1/{3+1/{7+1/{1+1/{6+1/{1+1/{2+1/{3+1/{1+1/{5+1/{1+1/{1+1/{2+1/{1+1/{1+1/{2+1/{8+1/{2+1/{10+1/{1+1/{16+1/{1+1/{1+1/{1+1/{2+1/{2+1/{1+1/{4+1/{24+1/{1+1/{2+1/{3+1/{2+1/{1+1/{1+1/{2+1/{7+1/{3+1/{2+1/{2+1/{2+1/{2+1/{11+1/{1+1/{3+1/{1+1/{3+1/{1+1/{15+1/{4+1/{2+1/{2+1/{1+1/{3+1/{3+1/{1+1/{2+1/{1+1/{3+1/{1+1/{1+1/{1+1/{4+1/{1+1/{1+1/{70+1/{1+1/{1+1/{6+1/{4+1/{5+1/{1+1/{1+1/{4+1/{1+1/{5+1/{2+1/{4+1/{4+1/{1+1/{1+1/{20+1/{1+1/{2+1/{7+1/{4+1/{1+1/{88+1/{1+1/{7+1/{1+1/{3+1/{1+1/{4+1/{8+1/{1+1/{1+1/{5+1/{1+1/{2+1/{1+1/{2+1/{3+1/{1+1/{1+1/{1+1/{3+1/{5+1/{2+1/{4+1/{1+1/{4+1/{7+1/{1+1/{1+1/{4+1/{2+1/{9+1/{2+1/{1+1/{2+1/{11+1/{1+1/{3+1/{1+1/{1+1/{1+1/{5+1/{1+1/{2+1/{1+1/{74+1/{1+1/{1+1/{1+1/{1+1/{1+1/{23+1/{1+1/{2+1/{2+1/{1+1/{4+1/{1+1/{10+1/{14+1/{30+1/{7+1/{2+1/{1+1/{1+1/{4+1/{1+1/{1+1/{1+1/{1+1/{1+1/{5+1/{6+1/{1+1/{1+1/{4+1/{4+1/{21+1/{2+1/{2+1/{3+1/{3+1/{1+1/{6+1/{1+1/{4+1/{1+1/{2+1/{1+1/{6+1/{1+1/{1+1/{1+1/{17+1/{1+1/{4+1/{1+1/{1+1/{3+1/{2+1/{2+1/{2+1/{1+1/{1+1/{2+1/{1+1/{3+1/{2+1/{3+1/{1+1/{2+1/{4+1/{2+1/{1+1/{1+1/{6+1/{1+1/{1+1/{1+1/{37+1/{7+1/{6+1/{2+1/{1+1/{7+1/{1+1/{3+1/{1+1/{2+1/{1+1/{1+1/{4+1/{1+1/{43+1/{1+1/{2+1/{1+1/{6+1/{23+1/{1+1/{5+1/{4+1/{5+1/{2+1/{5+1/{2+1/{4+1/{1+1/{17+1/{4+1/{2+1/{10+1/{1+1/{1+1/{4+1/{1+1/{2+1/{1+1/{3+1/{1+1/{1+1/{1+1/{18+1/{1+1/{1+1/{2+1/{1+1/{3+1/{25+1/{11+1/{1+1/{6+1/{5+1/{1+1/{12+1/{2+1/{1+1/{1+1/{1+1/{1+1/{13+1/{4+1/{2+1/{2+1/{5+1/{1+1/{3+1/{2+1/{2+1/{5+1/{1+1/{3+1/{3+1/{2+1/{6+1/{1+1/{1+1/{2+1/{9+1/{72+1/{13+1/{2+1/{4+1/{2+1/{1+1/{30+1/{1+1/{50+1/{7+1/{1+1/{189+1/{12+1/{3+1/{1+1/{4+1/{1+1/{2+1/{3+1/{1+1/{1+1/{1+1/{1+1/{2+1/{10+1/{13+1/{1+1/{3}}}}}}}}}}}}}}}}}}}}}}}}}}}}}}}}}}}}}}}}}}}}}}}}}}}}}}}}}}}}}}}}}}}}}}}}}}}}}}}}}}}}}}}}}}}}}}}}}}}}}}}}}}}}}}}}}}}}}}}}}}}}}}}}}}}}}}}}}}}}}}}}}}}}}}}}}}}}}}}}}}}}}}}}}}}}}}}}}}}}}}}}}}}}}}}}}}}}}}}}}}}}}}}}}}}}}}}}}}}}}}}}}}}}}}}}}}}}}}}}}}}}}}}}}}}}}}}}}}}}}}}}}}}}}}}}}}}}}}}}}}}}}}}}}}}}}}}}}}}}}}}}}}}}}}}}}}}}}}}}}}}}}}}}}}}}}}}}}}}}}}}}}}}}}}}}}}}}}}}}}}}}}}}}}}}}}}}}}}}}}}}}}}}}}}}}}}}}}}}}}}}}}}}}}}}}}}}}}}}}}}}}}}}}}}}}}}}}}}}}}}}}}}}}}}}}}}}}}}}}}}}}}}}}}}}}}}}}}}}}}}}}}}}}}}}}}}}}}}}}}}}}}}}}}}}}}}}}}}}}}}}}}}}}}}}}}}}}}}}}}}}}}}}}}}}}}}}}}}}}}}}}}}}}}}}}}}}}}}}}}}}}}}}}}}}}}}}}}}}}}}}}}}}}}}}}}}}}}}}}}}}}}}}}}}}}}}}}}}}}}}}}}}}}}}}}}}}}}}}}}}}}}}}}}}}}}}}}}}}
0/1 = 0
0/3278 = 0
-214/2347826847632478236 = -1+1/{1+1/{10971153493609710+1/{2+1/{1+1/{1+1/{1+1/{1+1/{3+1/{2}}}}}}}}}
19/1718 = 0+1/{90+1/{2+1/{2+1/{1+1/{2}}}}}
-23578/-273589 = 0+1/{11+1/{1+1/{1+1/{1+1/{1+1/{10+1/{1+1/{1+1/{1+1/{1+1/{41+1/{2}}}}}}}}}}}}
-123432521751/-23521512 = 5247+1/{1+1/{1+1/{1+1/{4+1/{4+1/{5+1/{1+1/{1+1/{2+1/{1+1/{1+1/{2+1/{9+1/{5+1/{2}}}}}}}}}}}}}}}
